Archive member included because of file (symbol)

C:\Users\Olli\CloudStation\uC_Stuff\LPC_workspaces\LPC17xx_MCP2515_CAN\CMSISv2p00_LPC17xx\Debug\libCMSISv2p00_LPC17xx.a(system_LPC17xx.o)
                              ./src/cr_startup_lpc176x.o (SystemInit)
c:/nxp/lpcxpresso_7.9.2_493/lpcxpresso/tools/bin/../lib/gcc/arm-none-eabi/4.9.3/../../../../arm-none-eabi/lib/armv7-m\libcr_c.a(__weak__main.o)
                              ./src/cr_startup_lpc176x.o (__main)
c:/nxp/lpcxpresso_7.9.2_493/lpcxpresso/tools/bin/../lib/gcc/arm-none-eabi/4.9.3/armv7-m\libcr_eabihelpers.a(division_64.o)
                              C:\Users\Olli\CloudStation\uC_Stuff\LPC_workspaces\LPC17xx_MCP2515_CAN\CMSISv2p00_LPC17xx\Debug\libCMSISv2p00_LPC17xx.a(system_LPC17xx.o) (__aeabi_uldivmod)
c:/nxp/lpcxpresso_7.9.2_493/lpcxpresso/tools/bin/../lib/gcc/arm-none-eabi/4.9.3/armv7-m\libcr_eabihelpers.a(division_idiv0.o)
                              c:/nxp/lpcxpresso_7.9.2_493/lpcxpresso/tools/bin/../lib/gcc/arm-none-eabi/4.9.3/armv7-m\libcr_eabihelpers.a(division_64.o) (__aeabi_idiv0)

Discarded input sections

 .group         0x00000000        0x8 ./src/can_buffer.o
 .group         0x00000000        0x8 ./src/can_buffer.o
 .group         0x00000000        0x8 ./src/can_buffer.o
 .group         0x00000000        0x8 ./src/can_buffer.o
 .group         0x00000000        0x8 ./src/can_buffer.o
 .group         0x00000000        0x8 ./src/can_buffer.o
 .group         0x00000000        0x8 ./src/can_buffer.o
 .group         0x00000000        0x8 ./src/can_buffer.o
 .group         0x00000000        0x8 ./src/can_buffer.o
 .group         0x00000000        0x8 ./src/can_buffer.o
 .group         0x00000000        0x8 ./src/can_buffer.o
 .group         0x00000000        0x8 ./src/can_buffer.o
 .group         0x00000000        0x8 ./src/can_buffer.o
 .group         0x00000000        0x8 ./src/can_buffer.o
 .text          0x00000000        0x0 ./src/can_buffer.o
 .data          0x00000000        0x0 ./src/can_buffer.o
 .bss           0x00000000        0x0 ./src/can_buffer.o
 .debug_info    0x00000000       0x8b ./src/can_buffer.o
 .debug_abbrev  0x00000000       0x4e ./src/can_buffer.o
 .debug_aranges
                0x00000000       0x18 ./src/can_buffer.o
 .debug_macro   0x00000000       0xb8 ./src/can_buffer.o
 .debug_macro   0x00000000      0x874 ./src/can_buffer.o
 .debug_macro   0x00000000       0x1c ./src/can_buffer.o
 .debug_macro   0x00000000       0x2e ./src/can_buffer.o
 .debug_macro   0x00000000       0x10 ./src/can_buffer.o
 .debug_macro   0x00000000      0x12d ./src/can_buffer.o
 .debug_macro   0x00000000      0x5b2 ./src/can_buffer.o
 .debug_macro   0x00000000       0x18 ./src/can_buffer.o
 .debug_macro   0x00000000      0x7af ./src/can_buffer.o
 .debug_macro   0x00000000      0x2c7 ./src/can_buffer.o
 .debug_macro   0x00000000       0x52 ./src/can_buffer.o
 .debug_macro   0x00000000       0x91 ./src/can_buffer.o
 .debug_macro   0x00000000       0x22 ./src/can_buffer.o
 .debug_macro   0x00000000       0x2a ./src/can_buffer.o
 .debug_macro   0x00000000       0x70 ./src/can_buffer.o
 .debug_line    0x00000000      0x1f0 ./src/can_buffer.o
 .debug_str     0x00000000     0x84df ./src/can_buffer.o
 .comment       0x00000000       0x71 ./src/can_buffer.o
 .ARM.attributes
                0x00000000       0x33 ./src/can_buffer.o
 .group         0x00000000        0x8 ./src/cr_startup_lpc176x.o
 .group         0x00000000        0x8 ./src/cr_startup_lpc176x.o
 .group         0x00000000        0x8 ./src/cr_startup_lpc176x.o
 .group         0x00000000        0x8 ./src/cr_startup_lpc176x.o
 .text          0x00000000        0x0 ./src/cr_startup_lpc176x.o
 .data          0x00000000        0x0 ./src/cr_startup_lpc176x.o
 .bss           0x00000000        0x0 ./src/cr_startup_lpc176x.o
 .debug_macro   0x00000000       0x10 ./src/cr_startup_lpc176x.o
 .debug_macro   0x00000000      0x12d ./src/cr_startup_lpc176x.o
 .debug_macro   0x00000000      0x5b2 ./src/cr_startup_lpc176x.o
 .group         0x00000000        0x8 ./src/main.o
 .group         0x00000000        0x8 ./src/main.o
 .group         0x00000000        0x8 ./src/main.o
 .group         0x00000000        0x8 ./src/main.o
 .group         0x00000000        0x8 ./src/main.o
 .group         0x00000000        0x8 ./src/main.o
 .group         0x00000000        0x8 ./src/main.o
 .group         0x00000000        0x8 ./src/main.o
 .group         0x00000000        0x8 ./src/main.o
 .group         0x00000000        0x8 ./src/main.o
 .group         0x00000000        0x8 ./src/main.o
 .group         0x00000000        0x8 ./src/main.o
 .text          0x00000000        0x0 ./src/main.o
 .data          0x00000000        0x0 ./src/main.o
 .bss           0x00000000        0x0 ./src/main.o
 .debug_macro   0x00000000      0x874 ./src/main.o
 .debug_macro   0x00000000       0x10 ./src/main.o
 .debug_macro   0x00000000      0x12d ./src/main.o
 .debug_macro   0x00000000      0x5b2 ./src/main.o
 .debug_macro   0x00000000       0x22 ./src/main.o
 .debug_macro   0x00000000       0x1c ./src/main.o
 .debug_macro   0x00000000       0x2e ./src/main.o
 .debug_macro   0x00000000       0x18 ./src/main.o
 .debug_macro   0x00000000      0x7af ./src/main.o
 .debug_macro   0x00000000      0x2c7 ./src/main.o
 .debug_macro   0x00000000       0x52 ./src/main.o
 .group         0x00000000        0x8 ./src/mcp2515.o
 .group         0x00000000        0x8 ./src/mcp2515.o
 .group         0x00000000        0x8 ./src/mcp2515.o
 .group         0x00000000        0x8 ./src/mcp2515.o
 .group         0x00000000        0x8 ./src/mcp2515.o
 .group         0x00000000        0x8 ./src/mcp2515.o
 .group         0x00000000        0x8 ./src/mcp2515.o
 .group         0x00000000        0x8 ./src/mcp2515.o
 .group         0x00000000        0x8 ./src/mcp2515.o
 .group         0x00000000        0x8 ./src/mcp2515.o
 .group         0x00000000        0x8 ./src/mcp2515.o
 .group         0x00000000        0x8 ./src/mcp2515.o
 .group         0x00000000        0x8 ./src/mcp2515.o
 .group         0x00000000        0x8 ./src/mcp2515.o
 .group         0x00000000        0x8 ./src/mcp2515.o
 .group         0x00000000        0x8 ./src/mcp2515.o
 .group         0x00000000        0x8 ./src/mcp2515.o
 .text          0x00000000        0x0 ./src/mcp2515.o
 .data          0x00000000        0x0 ./src/mcp2515.o
 .bss           0x00000000        0x0 ./src/mcp2515.o
 .debug_macro   0x00000000      0x874 ./src/mcp2515.o
 .debug_macro   0x00000000       0x1c ./src/mcp2515.o
 .debug_macro   0x00000000       0x2e ./src/mcp2515.o
 .debug_macro   0x00000000       0x10 ./src/mcp2515.o
 .debug_macro   0x00000000      0x12d ./src/mcp2515.o
 .debug_macro   0x00000000      0x5b2 ./src/mcp2515.o
 .debug_macro   0x00000000       0x18 ./src/mcp2515.o
 .debug_macro   0x00000000      0x7af ./src/mcp2515.o
 .debug_macro   0x00000000      0x2c7 ./src/mcp2515.o
 .debug_macro   0x00000000       0x22 ./src/mcp2515.o
 .debug_macro   0x00000000       0x24 ./src/mcp2515.o
 .debug_macro   0x00000000       0x70 ./src/mcp2515.o
 .group         0x00000000        0x8 ./src/mcp2515_buffer.o
 .group         0x00000000        0x8 ./src/mcp2515_buffer.o
 .group         0x00000000        0x8 ./src/mcp2515_buffer.o
 .group         0x00000000        0x8 ./src/mcp2515_buffer.o
 .group         0x00000000        0x8 ./src/mcp2515_buffer.o
 .group         0x00000000        0x8 ./src/mcp2515_buffer.o
 .group         0x00000000        0x8 ./src/mcp2515_buffer.o
 .group         0x00000000        0x8 ./src/mcp2515_buffer.o
 .group         0x00000000        0x8 ./src/mcp2515_buffer.o
 .group         0x00000000        0x8 ./src/mcp2515_buffer.o
 .group         0x00000000        0x8 ./src/mcp2515_buffer.o
 .group         0x00000000        0x8 ./src/mcp2515_buffer.o
 .group         0x00000000        0x8 ./src/mcp2515_buffer.o
 .group         0x00000000        0x8 ./src/mcp2515_buffer.o
 .group         0x00000000        0x8 ./src/mcp2515_buffer.o
 .group         0x00000000        0x8 ./src/mcp2515_buffer.o
 .group         0x00000000        0x8 ./src/mcp2515_buffer.o
 .text          0x00000000        0x0 ./src/mcp2515_buffer.o
 .data          0x00000000        0x0 ./src/mcp2515_buffer.o
 .bss           0x00000000        0x0 ./src/mcp2515_buffer.o
 .text.can_check_free_buffer
                0x00000000       0x28 ./src/mcp2515_buffer.o
 .debug_macro   0x00000000      0x874 ./src/mcp2515_buffer.o
 .debug_macro   0x00000000       0x22 ./src/mcp2515_buffer.o
 .debug_macro   0x00000000       0x10 ./src/mcp2515_buffer.o
 .debug_macro   0x00000000      0x12d ./src/mcp2515_buffer.o
 .debug_macro   0x00000000      0x5b2 ./src/mcp2515_buffer.o
 .debug_macro   0x00000000       0x1c ./src/mcp2515_buffer.o
 .debug_macro   0x00000000       0x2e ./src/mcp2515_buffer.o
 .debug_macro   0x00000000       0x18 ./src/mcp2515_buffer.o
 .debug_macro   0x00000000      0x7af ./src/mcp2515_buffer.o
 .debug_macro   0x00000000      0x2c7 ./src/mcp2515_buffer.o
 .debug_macro   0x00000000       0x52 ./src/mcp2515_buffer.o
 .debug_macro   0x00000000       0x24 ./src/mcp2515_buffer.o
 .debug_macro   0x00000000       0x70 ./src/mcp2515_buffer.o
 .debug_macro   0x00000000       0x97 ./src/mcp2515_buffer.o
 .debug_macro   0x00000000       0x10 ./src/mcp2515_buffer.o
 .debug_macro   0x00000000       0x16 ./src/mcp2515_buffer.o
 .debug_macro   0x00000000      0x594 ./src/mcp2515_buffer.o
 .group         0x00000000        0x8 ./src/mcp2515_error_register.o
 .group         0x00000000        0x8 ./src/mcp2515_error_register.o
 .group         0x00000000        0x8 ./src/mcp2515_error_register.o
 .group         0x00000000        0x8 ./src/mcp2515_error_register.o
 .group         0x00000000        0x8 ./src/mcp2515_error_register.o
 .group         0x00000000        0x8 ./src/mcp2515_error_register.o
 .group         0x00000000        0x8 ./src/mcp2515_error_register.o
 .group         0x00000000        0x8 ./src/mcp2515_error_register.o
 .group         0x00000000        0x8 ./src/mcp2515_error_register.o
 .group         0x00000000        0x8 ./src/mcp2515_error_register.o
 .group         0x00000000        0x8 ./src/mcp2515_error_register.o
 .group         0x00000000        0x8 ./src/mcp2515_error_register.o
 .group         0x00000000        0x8 ./src/mcp2515_error_register.o
 .group         0x00000000        0x8 ./src/mcp2515_error_register.o
 .group         0x00000000        0x8 ./src/mcp2515_error_register.o
 .group         0x00000000        0x8 ./src/mcp2515_error_register.o
 .group         0x00000000        0x8 ./src/mcp2515_error_register.o
 .text          0x00000000        0x0 ./src/mcp2515_error_register.o
 .data          0x00000000        0x0 ./src/mcp2515_error_register.o
 .bss           0x00000000        0x0 ./src/mcp2515_error_register.o
 .text.can_read_error_register
                0x00000000       0x34 ./src/mcp2515_error_register.o
 .debug_info    0x00000000       0xf0 ./src/mcp2515_error_register.o
 .debug_abbrev  0x00000000       0x99 ./src/mcp2515_error_register.o
 .debug_aranges
                0x00000000       0x20 ./src/mcp2515_error_register.o
 .debug_ranges  0x00000000       0x10 ./src/mcp2515_error_register.o
 .debug_macro   0x00000000       0xcf ./src/mcp2515_error_register.o
 .debug_macro   0x00000000      0x874 ./src/mcp2515_error_register.o
 .debug_macro   0x00000000       0x22 ./src/mcp2515_error_register.o
 .debug_macro   0x00000000       0x10 ./src/mcp2515_error_register.o
 .debug_macro   0x00000000      0x12d ./src/mcp2515_error_register.o
 .debug_macro   0x00000000      0x5b2 ./src/mcp2515_error_register.o
 .debug_macro   0x00000000       0x1c ./src/mcp2515_error_register.o
 .debug_macro   0x00000000       0x2e ./src/mcp2515_error_register.o
 .debug_macro   0x00000000       0x18 ./src/mcp2515_error_register.o
 .debug_macro   0x00000000      0x7af ./src/mcp2515_error_register.o
 .debug_macro   0x00000000      0x2c7 ./src/mcp2515_error_register.o
 .debug_macro   0x00000000       0x52 ./src/mcp2515_error_register.o
 .debug_macro   0x00000000       0x24 ./src/mcp2515_error_register.o
 .debug_macro   0x00000000       0x70 ./src/mcp2515_error_register.o
 .debug_macro   0x00000000       0x97 ./src/mcp2515_error_register.o
 .debug_macro   0x00000000       0x10 ./src/mcp2515_error_register.o
 .debug_macro   0x00000000       0x16 ./src/mcp2515_error_register.o
 .debug_macro   0x00000000      0x594 ./src/mcp2515_error_register.o
 .debug_line    0x00000000      0x22f ./src/mcp2515_error_register.o
 .debug_str     0x00000000     0x8eee ./src/mcp2515_error_register.o
 .comment       0x00000000       0x71 ./src/mcp2515_error_register.o
 .debug_frame   0x00000000       0x34 ./src/mcp2515_error_register.o
 .ARM.attributes
                0x00000000       0x33 ./src/mcp2515_error_register.o
 .group         0x00000000        0x8 ./src/mcp2515_get_dyn_filter.o
 .group         0x00000000        0x8 ./src/mcp2515_get_dyn_filter.o
 .group         0x00000000        0x8 ./src/mcp2515_get_dyn_filter.o
 .group         0x00000000        0x8 ./src/mcp2515_get_dyn_filter.o
 .group         0x00000000        0x8 ./src/mcp2515_get_dyn_filter.o
 .group         0x00000000        0x8 ./src/mcp2515_get_dyn_filter.o
 .group         0x00000000        0x8 ./src/mcp2515_get_dyn_filter.o
 .group         0x00000000        0x8 ./src/mcp2515_get_dyn_filter.o
 .group         0x00000000        0x8 ./src/mcp2515_get_dyn_filter.o
 .group         0x00000000        0x8 ./src/mcp2515_get_dyn_filter.o
 .group         0x00000000        0x8 ./src/mcp2515_get_dyn_filter.o
 .group         0x00000000        0x8 ./src/mcp2515_get_dyn_filter.o
 .group         0x00000000        0x8 ./src/mcp2515_get_dyn_filter.o
 .group         0x00000000        0x8 ./src/mcp2515_get_dyn_filter.o
 .group         0x00000000        0x8 ./src/mcp2515_get_dyn_filter.o
 .group         0x00000000        0x8 ./src/mcp2515_get_dyn_filter.o
 .group         0x00000000        0x8 ./src/mcp2515_get_dyn_filter.o
 .text          0x00000000        0x0 ./src/mcp2515_get_dyn_filter.o
 .data          0x00000000        0x0 ./src/mcp2515_get_dyn_filter.o
 .bss           0x00000000        0x0 ./src/mcp2515_get_dyn_filter.o
 .text.can_get_filter
                0x00000000      0x11c ./src/mcp2515_get_dyn_filter.o
 .debug_info    0x00000000      0x43b ./src/mcp2515_get_dyn_filter.o
 .debug_abbrev  0x00000000      0x126 ./src/mcp2515_get_dyn_filter.o
 .debug_aranges
                0x00000000       0x20 ./src/mcp2515_get_dyn_filter.o
 .debug_ranges  0x00000000       0x10 ./src/mcp2515_get_dyn_filter.o
 .debug_macro   0x00000000       0xcf ./src/mcp2515_get_dyn_filter.o
 .debug_macro   0x00000000      0x874 ./src/mcp2515_get_dyn_filter.o
 .debug_macro   0x00000000       0x22 ./src/mcp2515_get_dyn_filter.o
 .debug_macro   0x00000000       0x10 ./src/mcp2515_get_dyn_filter.o
 .debug_macro   0x00000000      0x12d ./src/mcp2515_get_dyn_filter.o
 .debug_macro   0x00000000      0x5b2 ./src/mcp2515_get_dyn_filter.o
 .debug_macro   0x00000000       0x1c ./src/mcp2515_get_dyn_filter.o
 .debug_macro   0x00000000       0x2e ./src/mcp2515_get_dyn_filter.o
 .debug_macro   0x00000000       0x18 ./src/mcp2515_get_dyn_filter.o
 .debug_macro   0x00000000      0x7af ./src/mcp2515_get_dyn_filter.o
 .debug_macro   0x00000000      0x2c7 ./src/mcp2515_get_dyn_filter.o
 .debug_macro   0x00000000       0x52 ./src/mcp2515_get_dyn_filter.o
 .debug_macro   0x00000000       0x24 ./src/mcp2515_get_dyn_filter.o
 .debug_macro   0x00000000       0x70 ./src/mcp2515_get_dyn_filter.o
 .debug_macro   0x00000000       0x97 ./src/mcp2515_get_dyn_filter.o
 .debug_macro   0x00000000       0x10 ./src/mcp2515_get_dyn_filter.o
 .debug_macro   0x00000000       0x16 ./src/mcp2515_get_dyn_filter.o
 .debug_macro   0x00000000      0x594 ./src/mcp2515_get_dyn_filter.o
 .debug_line    0x00000000      0x256 ./src/mcp2515_get_dyn_filter.o
 .debug_str     0x00000000     0x9066 ./src/mcp2515_get_dyn_filter.o
 .comment       0x00000000       0x71 ./src/mcp2515_get_dyn_filter.o
 .debug_frame   0x00000000       0x34 ./src/mcp2515_get_dyn_filter.o
 .ARM.attributes
                0x00000000       0x33 ./src/mcp2515_get_dyn_filter.o
 .group         0x00000000        0x8 ./src/mcp2515_get_message.o
 .group         0x00000000        0x8 ./src/mcp2515_get_message.o
 .group         0x00000000        0x8 ./src/mcp2515_get_message.o
 .group         0x00000000        0x8 ./src/mcp2515_get_message.o
 .group         0x00000000        0x8 ./src/mcp2515_get_message.o
 .group         0x00000000        0x8 ./src/mcp2515_get_message.o
 .group         0x00000000        0x8 ./src/mcp2515_get_message.o
 .group         0x00000000        0x8 ./src/mcp2515_get_message.o
 .group         0x00000000        0x8 ./src/mcp2515_get_message.o
 .group         0x00000000        0x8 ./src/mcp2515_get_message.o
 .group         0x00000000        0x8 ./src/mcp2515_get_message.o
 .group         0x00000000        0x8 ./src/mcp2515_get_message.o
 .group         0x00000000        0x8 ./src/mcp2515_get_message.o
 .group         0x00000000        0x8 ./src/mcp2515_get_message.o
 .group         0x00000000        0x8 ./src/mcp2515_get_message.o
 .group         0x00000000        0x8 ./src/mcp2515_get_message.o
 .group         0x00000000        0x8 ./src/mcp2515_get_message.o
 .text          0x00000000        0x0 ./src/mcp2515_get_message.o
 .data          0x00000000        0x0 ./src/mcp2515_get_message.o
 .bss           0x00000000        0x0 ./src/mcp2515_get_message.o
 .debug_macro   0x00000000      0x874 ./src/mcp2515_get_message.o
 .debug_macro   0x00000000       0x22 ./src/mcp2515_get_message.o
 .debug_macro   0x00000000       0x10 ./src/mcp2515_get_message.o
 .debug_macro   0x00000000      0x12d ./src/mcp2515_get_message.o
 .debug_macro   0x00000000      0x5b2 ./src/mcp2515_get_message.o
 .debug_macro   0x00000000       0x1c ./src/mcp2515_get_message.o
 .debug_macro   0x00000000       0x2e ./src/mcp2515_get_message.o
 .debug_macro   0x00000000       0x18 ./src/mcp2515_get_message.o
 .debug_macro   0x00000000      0x7af ./src/mcp2515_get_message.o
 .debug_macro   0x00000000      0x2c7 ./src/mcp2515_get_message.o
 .debug_macro   0x00000000       0x52 ./src/mcp2515_get_message.o
 .debug_macro   0x00000000       0x24 ./src/mcp2515_get_message.o
 .debug_macro   0x00000000       0x70 ./src/mcp2515_get_message.o
 .debug_macro   0x00000000       0x97 ./src/mcp2515_get_message.o
 .debug_macro   0x00000000       0x10 ./src/mcp2515_get_message.o
 .debug_macro   0x00000000       0x16 ./src/mcp2515_get_message.o
 .debug_macro   0x00000000      0x594 ./src/mcp2515_get_message.o
 .group         0x00000000        0x8 ./src/mcp2515_read_id.o
 .group         0x00000000        0x8 ./src/mcp2515_read_id.o
 .group         0x00000000        0x8 ./src/mcp2515_read_id.o
 .group         0x00000000        0x8 ./src/mcp2515_read_id.o
 .group         0x00000000        0x8 ./src/mcp2515_read_id.o
 .group         0x00000000        0x8 ./src/mcp2515_read_id.o
 .group         0x00000000        0x8 ./src/mcp2515_read_id.o
 .group         0x00000000        0x8 ./src/mcp2515_read_id.o
 .group         0x00000000        0x8 ./src/mcp2515_read_id.o
 .group         0x00000000        0x8 ./src/mcp2515_read_id.o
 .group         0x00000000        0x8 ./src/mcp2515_read_id.o
 .group         0x00000000        0x8 ./src/mcp2515_read_id.o
 .group         0x00000000        0x8 ./src/mcp2515_read_id.o
 .group         0x00000000        0x8 ./src/mcp2515_read_id.o
 .group         0x00000000        0x8 ./src/mcp2515_read_id.o
 .group         0x00000000        0x8 ./src/mcp2515_read_id.o
 .group         0x00000000        0x8 ./src/mcp2515_read_id.o
 .text          0x00000000        0x0 ./src/mcp2515_read_id.o
 .data          0x00000000        0x0 ./src/mcp2515_read_id.o
 .bss           0x00000000        0x0 ./src/mcp2515_read_id.o
 .debug_macro   0x00000000      0x874 ./src/mcp2515_read_id.o
 .debug_macro   0x00000000       0x22 ./src/mcp2515_read_id.o
 .debug_macro   0x00000000       0x10 ./src/mcp2515_read_id.o
 .debug_macro   0x00000000      0x12d ./src/mcp2515_read_id.o
 .debug_macro   0x00000000      0x5b2 ./src/mcp2515_read_id.o
 .debug_macro   0x00000000       0x1c ./src/mcp2515_read_id.o
 .debug_macro   0x00000000       0x2e ./src/mcp2515_read_id.o
 .debug_macro   0x00000000       0x18 ./src/mcp2515_read_id.o
 .debug_macro   0x00000000      0x7af ./src/mcp2515_read_id.o
 .debug_macro   0x00000000      0x2c7 ./src/mcp2515_read_id.o
 .debug_macro   0x00000000       0x52 ./src/mcp2515_read_id.o
 .debug_macro   0x00000000       0x24 ./src/mcp2515_read_id.o
 .debug_macro   0x00000000       0x70 ./src/mcp2515_read_id.o
 .debug_macro   0x00000000       0x97 ./src/mcp2515_read_id.o
 .debug_macro   0x00000000       0x10 ./src/mcp2515_read_id.o
 .debug_macro   0x00000000       0x16 ./src/mcp2515_read_id.o
 .debug_macro   0x00000000      0x594 ./src/mcp2515_read_id.o
 .group         0x00000000        0x8 ./src/mcp2515_regdump.o
 .group         0x00000000        0x8 ./src/mcp2515_regdump.o
 .group         0x00000000        0x8 ./src/mcp2515_regdump.o
 .group         0x00000000        0x8 ./src/mcp2515_regdump.o
 .group         0x00000000        0x8 ./src/mcp2515_regdump.o
 .group         0x00000000        0x8 ./src/mcp2515_regdump.o
 .group         0x00000000        0x8 ./src/mcp2515_regdump.o
 .group         0x00000000        0x8 ./src/mcp2515_regdump.o
 .group         0x00000000        0x8 ./src/mcp2515_regdump.o
 .group         0x00000000        0x8 ./src/mcp2515_regdump.o
 .group         0x00000000        0x8 ./src/mcp2515_regdump.o
 .group         0x00000000        0x8 ./src/mcp2515_regdump.o
 .group         0x00000000        0x8 ./src/mcp2515_regdump.o
 .group         0x00000000        0x8 ./src/mcp2515_regdump.o
 .group         0x00000000        0x8 ./src/mcp2515_regdump.o
 .group         0x00000000        0x8 ./src/mcp2515_regdump.o
 .group         0x00000000        0x8 ./src/mcp2515_regdump.o
 .group         0x00000000        0x8 ./src/mcp2515_regdump.o
 .text          0x00000000        0x0 ./src/mcp2515_regdump.o
 .data          0x00000000        0x0 ./src/mcp2515_regdump.o
 .bss           0x00000000        0x0 ./src/mcp2515_regdump.o
 .rodata        0x00000000       0x2f ./src/mcp2515_regdump.o
 .text.mcp2515_regdump
                0x00000000      0x130 ./src/mcp2515_regdump.o
 .debug_info    0x00000000       0xe6 ./src/mcp2515_regdump.o
 .debug_abbrev  0x00000000       0xa2 ./src/mcp2515_regdump.o
 .debug_aranges
                0x00000000       0x20 ./src/mcp2515_regdump.o
 .debug_ranges  0x00000000       0x10 ./src/mcp2515_regdump.o
 .debug_macro   0x00000000       0xe2 ./src/mcp2515_regdump.o
 .debug_macro   0x00000000      0x874 ./src/mcp2515_regdump.o
 .debug_macro   0x00000000       0x22 ./src/mcp2515_regdump.o
 .debug_macro   0x00000000       0x10 ./src/mcp2515_regdump.o
 .debug_macro   0x00000000      0x12d ./src/mcp2515_regdump.o
 .debug_macro   0x00000000      0x5b2 ./src/mcp2515_regdump.o
 .debug_macro   0x00000000       0x1c ./src/mcp2515_regdump.o
 .debug_macro   0x00000000       0x2e ./src/mcp2515_regdump.o
 .debug_macro   0x00000000       0x18 ./src/mcp2515_regdump.o
 .debug_macro   0x00000000      0x7af ./src/mcp2515_regdump.o
 .debug_macro   0x00000000      0x2c7 ./src/mcp2515_regdump.o
 .debug_macro   0x00000000       0x52 ./src/mcp2515_regdump.o
 .debug_macro   0x00000000       0x24 ./src/mcp2515_regdump.o
 .debug_macro   0x00000000       0x70 ./src/mcp2515_regdump.o
 .debug_macro   0x00000000       0x97 ./src/mcp2515_regdump.o
 .debug_macro   0x00000000       0x10 ./src/mcp2515_regdump.o
 .debug_macro   0x00000000       0x16 ./src/mcp2515_regdump.o
 .debug_macro   0x00000000      0x594 ./src/mcp2515_regdump.o
 .debug_macro   0x00000000       0x9a ./src/mcp2515_regdump.o
 .debug_line    0x00000000      0x26d ./src/mcp2515_regdump.o
 .debug_str     0x00000000     0x910a ./src/mcp2515_regdump.o
 .comment       0x00000000       0x71 ./src/mcp2515_regdump.o
 .debug_frame   0x00000000       0x38 ./src/mcp2515_regdump.o
 .ARM.attributes
                0x00000000       0x33 ./src/mcp2515_regdump.o
 .group         0x00000000        0x8 ./src/mcp2515_send_message.o
 .group         0x00000000        0x8 ./src/mcp2515_send_message.o
 .group         0x00000000        0x8 ./src/mcp2515_send_message.o
 .group         0x00000000        0x8 ./src/mcp2515_send_message.o
 .group         0x00000000        0x8 ./src/mcp2515_send_message.o
 .group         0x00000000        0x8 ./src/mcp2515_send_message.o
 .group         0x00000000        0x8 ./src/mcp2515_send_message.o
 .group         0x00000000        0x8 ./src/mcp2515_send_message.o
 .group         0x00000000        0x8 ./src/mcp2515_send_message.o
 .group         0x00000000        0x8 ./src/mcp2515_send_message.o
 .group         0x00000000        0x8 ./src/mcp2515_send_message.o
 .group         0x00000000        0x8 ./src/mcp2515_send_message.o
 .group         0x00000000        0x8 ./src/mcp2515_send_message.o
 .group         0x00000000        0x8 ./src/mcp2515_send_message.o
 .group         0x00000000        0x8 ./src/mcp2515_send_message.o
 .group         0x00000000        0x8 ./src/mcp2515_send_message.o
 .group         0x00000000        0x8 ./src/mcp2515_send_message.o
 .text          0x00000000        0x0 ./src/mcp2515_send_message.o
 .data          0x00000000        0x0 ./src/mcp2515_send_message.o
 .bss           0x00000000        0x0 ./src/mcp2515_send_message.o
 .debug_macro   0x00000000      0x874 ./src/mcp2515_send_message.o
 .debug_macro   0x00000000       0x22 ./src/mcp2515_send_message.o
 .debug_macro   0x00000000       0x10 ./src/mcp2515_send_message.o
 .debug_macro   0x00000000      0x12d ./src/mcp2515_send_message.o
 .debug_macro   0x00000000      0x5b2 ./src/mcp2515_send_message.o
 .debug_macro   0x00000000       0x1c ./src/mcp2515_send_message.o
 .debug_macro   0x00000000       0x2e ./src/mcp2515_send_message.o
 .debug_macro   0x00000000       0x18 ./src/mcp2515_send_message.o
 .debug_macro   0x00000000      0x7af ./src/mcp2515_send_message.o
 .debug_macro   0x00000000      0x2c7 ./src/mcp2515_send_message.o
 .debug_macro   0x00000000       0x52 ./src/mcp2515_send_message.o
 .debug_macro   0x00000000       0x24 ./src/mcp2515_send_message.o
 .debug_macro   0x00000000       0x70 ./src/mcp2515_send_message.o
 .debug_macro   0x00000000       0x97 ./src/mcp2515_send_message.o
 .debug_macro   0x00000000       0x10 ./src/mcp2515_send_message.o
 .debug_macro   0x00000000       0x16 ./src/mcp2515_send_message.o
 .debug_macro   0x00000000      0x594 ./src/mcp2515_send_message.o
 .group         0x00000000        0x8 ./src/mcp2515_set_dyn_filter.o
 .group         0x00000000        0x8 ./src/mcp2515_set_dyn_filter.o
 .group         0x00000000        0x8 ./src/mcp2515_set_dyn_filter.o
 .group         0x00000000        0x8 ./src/mcp2515_set_dyn_filter.o
 .group         0x00000000        0x8 ./src/mcp2515_set_dyn_filter.o
 .group         0x00000000        0x8 ./src/mcp2515_set_dyn_filter.o
 .group         0x00000000        0x8 ./src/mcp2515_set_dyn_filter.o
 .group         0x00000000        0x8 ./src/mcp2515_set_dyn_filter.o
 .group         0x00000000        0x8 ./src/mcp2515_set_dyn_filter.o
 .group         0x00000000        0x8 ./src/mcp2515_set_dyn_filter.o
 .group         0x00000000        0x8 ./src/mcp2515_set_dyn_filter.o
 .group         0x00000000        0x8 ./src/mcp2515_set_dyn_filter.o
 .group         0x00000000        0x8 ./src/mcp2515_set_dyn_filter.o
 .group         0x00000000        0x8 ./src/mcp2515_set_dyn_filter.o
 .group         0x00000000        0x8 ./src/mcp2515_set_dyn_filter.o
 .group         0x00000000        0x8 ./src/mcp2515_set_dyn_filter.o
 .group         0x00000000        0x8 ./src/mcp2515_set_dyn_filter.o
 .text          0x00000000        0x0 ./src/mcp2515_set_dyn_filter.o
 .data          0x00000000        0x0 ./src/mcp2515_set_dyn_filter.o
 .bss           0x00000000        0x0 ./src/mcp2515_set_dyn_filter.o
 .text.can_set_filter
                0x00000000      0x170 ./src/mcp2515_set_dyn_filter.o
 .debug_info    0x00000000      0x461 ./src/mcp2515_set_dyn_filter.o
 .debug_abbrev  0x00000000      0x15f ./src/mcp2515_set_dyn_filter.o
 .debug_aranges
                0x00000000       0x20 ./src/mcp2515_set_dyn_filter.o
 .debug_ranges  0x00000000       0x10 ./src/mcp2515_set_dyn_filter.o
 .debug_macro   0x00000000       0xcf ./src/mcp2515_set_dyn_filter.o
 .debug_macro   0x00000000      0x874 ./src/mcp2515_set_dyn_filter.o
 .debug_macro   0x00000000       0x22 ./src/mcp2515_set_dyn_filter.o
 .debug_macro   0x00000000       0x10 ./src/mcp2515_set_dyn_filter.o
 .debug_macro   0x00000000      0x12d ./src/mcp2515_set_dyn_filter.o
 .debug_macro   0x00000000      0x5b2 ./src/mcp2515_set_dyn_filter.o
 .debug_macro   0x00000000       0x1c ./src/mcp2515_set_dyn_filter.o
 .debug_macro   0x00000000       0x2e ./src/mcp2515_set_dyn_filter.o
 .debug_macro   0x00000000       0x18 ./src/mcp2515_set_dyn_filter.o
 .debug_macro   0x00000000      0x7af ./src/mcp2515_set_dyn_filter.o
 .debug_macro   0x00000000      0x2c7 ./src/mcp2515_set_dyn_filter.o
 .debug_macro   0x00000000       0x52 ./src/mcp2515_set_dyn_filter.o
 .debug_macro   0x00000000       0x24 ./src/mcp2515_set_dyn_filter.o
 .debug_macro   0x00000000       0x70 ./src/mcp2515_set_dyn_filter.o
 .debug_macro   0x00000000       0x97 ./src/mcp2515_set_dyn_filter.o
 .debug_macro   0x00000000       0x10 ./src/mcp2515_set_dyn_filter.o
 .debug_macro   0x00000000       0x16 ./src/mcp2515_set_dyn_filter.o
 .debug_macro   0x00000000      0x594 ./src/mcp2515_set_dyn_filter.o
 .debug_line    0x00000000      0x254 ./src/mcp2515_set_dyn_filter.o
 .debug_str     0x00000000     0x9071 ./src/mcp2515_set_dyn_filter.o
 .comment       0x00000000       0x71 ./src/mcp2515_set_dyn_filter.o
 .debug_frame   0x00000000       0x34 ./src/mcp2515_set_dyn_filter.o
 .ARM.attributes
                0x00000000       0x33 ./src/mcp2515_set_dyn_filter.o
 .group         0x00000000        0x8 ./src/mcp2515_set_mode.o
 .group         0x00000000        0x8 ./src/mcp2515_set_mode.o
 .group         0x00000000        0x8 ./src/mcp2515_set_mode.o
 .group         0x00000000        0x8 ./src/mcp2515_set_mode.o
 .group         0x00000000        0x8 ./src/mcp2515_set_mode.o
 .group         0x00000000        0x8 ./src/mcp2515_set_mode.o
 .group         0x00000000        0x8 ./src/mcp2515_set_mode.o
 .group         0x00000000        0x8 ./src/mcp2515_set_mode.o
 .group         0x00000000        0x8 ./src/mcp2515_set_mode.o
 .group         0x00000000        0x8 ./src/mcp2515_set_mode.o
 .group         0x00000000        0x8 ./src/mcp2515_set_mode.o
 .group         0x00000000        0x8 ./src/mcp2515_set_mode.o
 .group         0x00000000        0x8 ./src/mcp2515_set_mode.o
 .group         0x00000000        0x8 ./src/mcp2515_set_mode.o
 .group         0x00000000        0x8 ./src/mcp2515_set_mode.o
 .group         0x00000000        0x8 ./src/mcp2515_set_mode.o
 .group         0x00000000        0x8 ./src/mcp2515_set_mode.o
 .text          0x00000000        0x0 ./src/mcp2515_set_mode.o
 .data          0x00000000        0x0 ./src/mcp2515_set_mode.o
 .bss           0x00000000        0x0 ./src/mcp2515_set_mode.o
 .text.can_set_mode
                0x00000000       0x58 ./src/mcp2515_set_mode.o
 .debug_info    0x00000000       0xfe ./src/mcp2515_set_mode.o
 .debug_abbrev  0x00000000       0xad ./src/mcp2515_set_mode.o
 .debug_aranges
                0x00000000       0x20 ./src/mcp2515_set_mode.o
 .debug_ranges  0x00000000       0x10 ./src/mcp2515_set_mode.o
 .debug_macro   0x00000000       0xcf ./src/mcp2515_set_mode.o
 .debug_macro   0x00000000      0x874 ./src/mcp2515_set_mode.o
 .debug_macro   0x00000000       0x22 ./src/mcp2515_set_mode.o
 .debug_macro   0x00000000       0x10 ./src/mcp2515_set_mode.o
 .debug_macro   0x00000000      0x12d ./src/mcp2515_set_mode.o
 .debug_macro   0x00000000      0x5b2 ./src/mcp2515_set_mode.o
 .debug_macro   0x00000000       0x1c ./src/mcp2515_set_mode.o
 .debug_macro   0x00000000       0x2e ./src/mcp2515_set_mode.o
 .debug_macro   0x00000000       0x18 ./src/mcp2515_set_mode.o
 .debug_macro   0x00000000      0x7af ./src/mcp2515_set_mode.o
 .debug_macro   0x00000000      0x2c7 ./src/mcp2515_set_mode.o
 .debug_macro   0x00000000       0x52 ./src/mcp2515_set_mode.o
 .debug_macro   0x00000000       0x24 ./src/mcp2515_set_mode.o
 .debug_macro   0x00000000       0x70 ./src/mcp2515_set_mode.o
 .debug_macro   0x00000000       0x97 ./src/mcp2515_set_mode.o
 .debug_macro   0x00000000       0x10 ./src/mcp2515_set_mode.o
 .debug_macro   0x00000000       0x16 ./src/mcp2515_set_mode.o
 .debug_macro   0x00000000      0x594 ./src/mcp2515_set_mode.o
 .debug_line    0x00000000      0x236 ./src/mcp2515_set_mode.o
 .debug_str     0x00000000     0x8f08 ./src/mcp2515_set_mode.o
 .comment       0x00000000       0x71 ./src/mcp2515_set_mode.o
 .debug_frame   0x00000000       0x34 ./src/mcp2515_set_mode.o
 .ARM.attributes
                0x00000000       0x33 ./src/mcp2515_set_mode.o
 .group         0x00000000        0x8 ./src/mcp2515_sleep.o
 .group         0x00000000        0x8 ./src/mcp2515_sleep.o
 .group         0x00000000        0x8 ./src/mcp2515_sleep.o
 .group         0x00000000        0x8 ./src/mcp2515_sleep.o
 .group         0x00000000        0x8 ./src/mcp2515_sleep.o
 .group         0x00000000        0x8 ./src/mcp2515_sleep.o
 .group         0x00000000        0x8 ./src/mcp2515_sleep.o
 .group         0x00000000        0x8 ./src/mcp2515_sleep.o
 .group         0x00000000        0x8 ./src/mcp2515_sleep.o
 .group         0x00000000        0x8 ./src/mcp2515_sleep.o
 .group         0x00000000        0x8 ./src/mcp2515_sleep.o
 .group         0x00000000        0x8 ./src/mcp2515_sleep.o
 .group         0x00000000        0x8 ./src/mcp2515_sleep.o
 .group         0x00000000        0x8 ./src/mcp2515_sleep.o
 .group         0x00000000        0x8 ./src/mcp2515_sleep.o
 .group         0x00000000        0x8 ./src/mcp2515_sleep.o
 .group         0x00000000        0x8 ./src/mcp2515_sleep.o
 .text          0x00000000        0x0 ./src/mcp2515_sleep.o
 .data          0x00000000        0x0 ./src/mcp2515_sleep.o
 .bss           0x00000000        0x0 ./src/mcp2515_sleep.o
 .text.can_sleep
                0x00000000       0x20 ./src/mcp2515_sleep.o
 .text.can_wakeup
                0x00000000       0x2c ./src/mcp2515_sleep.o
 .debug_info    0x00000000       0xd7 ./src/mcp2515_sleep.o
 .debug_abbrev  0x00000000       0x80 ./src/mcp2515_sleep.o
 .debug_aranges
                0x00000000       0x28 ./src/mcp2515_sleep.o
 .debug_ranges  0x00000000       0x18 ./src/mcp2515_sleep.o
 .debug_macro   0x00000000       0xcf ./src/mcp2515_sleep.o
 .debug_macro   0x00000000      0x874 ./src/mcp2515_sleep.o
 .debug_macro   0x00000000       0x22 ./src/mcp2515_sleep.o
 .debug_macro   0x00000000       0x10 ./src/mcp2515_sleep.o
 .debug_macro   0x00000000      0x12d ./src/mcp2515_sleep.o
 .debug_macro   0x00000000      0x5b2 ./src/mcp2515_sleep.o
 .debug_macro   0x00000000       0x1c ./src/mcp2515_sleep.o
 .debug_macro   0x00000000       0x2e ./src/mcp2515_sleep.o
 .debug_macro   0x00000000       0x18 ./src/mcp2515_sleep.o
 .debug_macro   0x00000000      0x7af ./src/mcp2515_sleep.o
 .debug_macro   0x00000000      0x2c7 ./src/mcp2515_sleep.o
 .debug_macro   0x00000000       0x52 ./src/mcp2515_sleep.o
 .debug_macro   0x00000000       0x24 ./src/mcp2515_sleep.o
 .debug_macro   0x00000000       0x70 ./src/mcp2515_sleep.o
 .debug_macro   0x00000000       0x97 ./src/mcp2515_sleep.o
 .debug_macro   0x00000000       0x10 ./src/mcp2515_sleep.o
 .debug_macro   0x00000000       0x16 ./src/mcp2515_sleep.o
 .debug_macro   0x00000000      0x594 ./src/mcp2515_sleep.o
 .debug_line    0x00000000      0x23a ./src/mcp2515_sleep.o
 .debug_str     0x00000000     0x8ef5 ./src/mcp2515_sleep.o
 .comment       0x00000000       0x71 ./src/mcp2515_sleep.o
 .debug_frame   0x00000000       0x48 ./src/mcp2515_sleep.o
 .ARM.attributes
                0x00000000       0x33 ./src/mcp2515_sleep.o
 .group         0x00000000        0x8 ./src/mcp2515_static_filter.o
 .group         0x00000000        0x8 ./src/mcp2515_static_filter.o
 .group         0x00000000        0x8 ./src/mcp2515_static_filter.o
 .group         0x00000000        0x8 ./src/mcp2515_static_filter.o
 .group         0x00000000        0x8 ./src/mcp2515_static_filter.o
 .group         0x00000000        0x8 ./src/mcp2515_static_filter.o
 .group         0x00000000        0x8 ./src/mcp2515_static_filter.o
 .group         0x00000000        0x8 ./src/mcp2515_static_filter.o
 .group         0x00000000        0x8 ./src/mcp2515_static_filter.o
 .group         0x00000000        0x8 ./src/mcp2515_static_filter.o
 .group         0x00000000        0x8 ./src/mcp2515_static_filter.o
 .group         0x00000000        0x8 ./src/mcp2515_static_filter.o
 .group         0x00000000        0x8 ./src/mcp2515_static_filter.o
 .group         0x00000000        0x8 ./src/mcp2515_static_filter.o
 .group         0x00000000        0x8 ./src/mcp2515_static_filter.o
 .group         0x00000000        0x8 ./src/mcp2515_static_filter.o
 .group         0x00000000        0x8 ./src/mcp2515_static_filter.o
 .text          0x00000000        0x0 ./src/mcp2515_static_filter.o
 .data          0x00000000        0x0 ./src/mcp2515_static_filter.o
 .bss           0x00000000        0x0 ./src/mcp2515_static_filter.o
 .debug_macro   0x00000000      0x874 ./src/mcp2515_static_filter.o
 .debug_macro   0x00000000       0x22 ./src/mcp2515_static_filter.o
 .debug_macro   0x00000000       0x10 ./src/mcp2515_static_filter.o
 .debug_macro   0x00000000      0x12d ./src/mcp2515_static_filter.o
 .debug_macro   0x00000000      0x5b2 ./src/mcp2515_static_filter.o
 .debug_macro   0x00000000       0x1c ./src/mcp2515_static_filter.o
 .debug_macro   0x00000000       0x2e ./src/mcp2515_static_filter.o
 .debug_macro   0x00000000       0x18 ./src/mcp2515_static_filter.o
 .debug_macro   0x00000000      0x7af ./src/mcp2515_static_filter.o
 .debug_macro   0x00000000      0x2c7 ./src/mcp2515_static_filter.o
 .debug_macro   0x00000000       0x52 ./src/mcp2515_static_filter.o
 .debug_macro   0x00000000       0x24 ./src/mcp2515_static_filter.o
 .debug_macro   0x00000000       0x70 ./src/mcp2515_static_filter.o
 .debug_macro   0x00000000       0x97 ./src/mcp2515_static_filter.o
 .debug_macro   0x00000000       0x10 ./src/mcp2515_static_filter.o
 .debug_macro   0x00000000       0x16 ./src/mcp2515_static_filter.o
 .debug_macro   0x00000000      0x594 ./src/mcp2515_static_filter.o
 .group         0x00000000        0x8 ./src/mcp2515_write_id.o
 .group         0x00000000        0x8 ./src/mcp2515_write_id.o
 .group         0x00000000        0x8 ./src/mcp2515_write_id.o
 .group         0x00000000        0x8 ./src/mcp2515_write_id.o
 .group         0x00000000        0x8 ./src/mcp2515_write_id.o
 .group         0x00000000        0x8 ./src/mcp2515_write_id.o
 .group         0x00000000        0x8 ./src/mcp2515_write_id.o
 .group         0x00000000        0x8 ./src/mcp2515_write_id.o
 .group         0x00000000        0x8 ./src/mcp2515_write_id.o
 .group         0x00000000        0x8 ./src/mcp2515_write_id.o
 .group         0x00000000        0x8 ./src/mcp2515_write_id.o
 .group         0x00000000        0x8 ./src/mcp2515_write_id.o
 .group         0x00000000        0x8 ./src/mcp2515_write_id.o
 .group         0x00000000        0x8 ./src/mcp2515_write_id.o
 .group         0x00000000        0x8 ./src/mcp2515_write_id.o
 .group         0x00000000        0x8 ./src/mcp2515_write_id.o
 .group         0x00000000        0x8 ./src/mcp2515_write_id.o
 .text          0x00000000        0x0 ./src/mcp2515_write_id.o
 .data          0x00000000        0x0 ./src/mcp2515_write_id.o
 .bss           0x00000000        0x0 ./src/mcp2515_write_id.o
 .debug_macro   0x00000000      0x874 ./src/mcp2515_write_id.o
 .debug_macro   0x00000000       0x22 ./src/mcp2515_write_id.o
 .debug_macro   0x00000000       0x10 ./src/mcp2515_write_id.o
 .debug_macro   0x00000000      0x12d ./src/mcp2515_write_id.o
 .debug_macro   0x00000000      0x5b2 ./src/mcp2515_write_id.o
 .debug_macro   0x00000000       0x1c ./src/mcp2515_write_id.o
 .debug_macro   0x00000000       0x2e ./src/mcp2515_write_id.o
 .debug_macro   0x00000000       0x18 ./src/mcp2515_write_id.o
 .debug_macro   0x00000000      0x7af ./src/mcp2515_write_id.o
 .debug_macro   0x00000000      0x2c7 ./src/mcp2515_write_id.o
 .debug_macro   0x00000000       0x52 ./src/mcp2515_write_id.o
 .debug_macro   0x00000000       0x24 ./src/mcp2515_write_id.o
 .debug_macro   0x00000000       0x70 ./src/mcp2515_write_id.o
 .debug_macro   0x00000000       0x97 ./src/mcp2515_write_id.o
 .debug_macro   0x00000000       0x10 ./src/mcp2515_write_id.o
 .debug_macro   0x00000000       0x16 ./src/mcp2515_write_id.o
 .debug_macro   0x00000000      0x594 ./src/mcp2515_write_id.o
 .group         0x00000000        0x8 ./src/spi.o
 .group         0x00000000        0x8 ./src/spi.o
 .group         0x00000000        0x8 ./src/spi.o
 .group         0x00000000        0x8 ./src/spi.o
 .group         0x00000000        0x8 ./src/spi.o
 .group         0x00000000        0x8 ./src/spi.o
 .group         0x00000000        0x8 ./src/spi.o
 .group         0x00000000        0x8 ./src/spi.o
 .group         0x00000000        0x8 ./src/spi.o
 .group         0x00000000        0x8 ./src/spi.o
 .group         0x00000000        0x8 ./src/spi.o
 .group         0x00000000        0x8 ./src/spi.o
 .group         0x00000000        0x8 ./src/spi.o
 .group         0x00000000        0x8 ./src/spi.o
 .group         0x00000000        0x8 ./src/spi.o
 .group         0x00000000        0x8 ./src/spi.o
 .group         0x00000000        0x8 ./src/spi.o
 .text          0x00000000        0x0 ./src/spi.o
 .data          0x00000000        0x0 ./src/spi.o
 .bss           0x00000000        0x0 ./src/spi.o
 .debug_macro   0x00000000      0x874 ./src/spi.o
 .debug_macro   0x00000000       0x22 ./src/spi.o
 .debug_macro   0x00000000       0x10 ./src/spi.o
 .debug_macro   0x00000000      0x12d ./src/spi.o
 .debug_macro   0x00000000      0x5b2 ./src/spi.o
 .debug_macro   0x00000000       0x1c ./src/spi.o
 .debug_macro   0x00000000       0x2e ./src/spi.o
 .debug_macro   0x00000000       0x18 ./src/spi.o
 .debug_macro   0x00000000      0x7af ./src/spi.o
 .debug_macro   0x00000000      0x2c7 ./src/spi.o
 .debug_macro   0x00000000       0x52 ./src/spi.o
 .debug_macro   0x00000000       0x24 ./src/spi.o
 .debug_macro   0x00000000       0x70 ./src/spi.o
 .debug_macro   0x00000000       0x97 ./src/spi.o
 .debug_macro   0x00000000       0x10 ./src/spi.o
 .debug_macro   0x00000000       0x16 ./src/spi.o
 .debug_macro   0x00000000      0x594 ./src/spi.o
 .group         0x00000000        0x8 ./src/timer.o
 .group         0x00000000        0x8 ./src/timer.o
 .group         0x00000000        0x8 ./src/timer.o
 .group         0x00000000        0x8 ./src/timer.o
 .text          0x00000000        0x0 ./src/timer.o
 .data          0x00000000        0x0 ./src/timer.o
 .bss           0x00000000        0x0 ./src/timer.o
 .debug_macro   0x00000000      0x874 ./src/timer.o
 .debug_macro   0x00000000       0x10 ./src/timer.o
 .debug_macro   0x00000000      0x12d ./src/timer.o
 .debug_macro   0x00000000      0x5b2 ./src/timer.o
 .group         0x00000000        0x8 C:\Users\Olli\CloudStation\uC_Stuff\LPC_workspaces\LPC17xx_MCP2515_CAN\CMSISv2p00_LPC17xx\Debug\libCMSISv2p00_LPC17xx.a(system_LPC17xx.o)
 .group         0x00000000        0x8 C:\Users\Olli\CloudStation\uC_Stuff\LPC_workspaces\LPC17xx_MCP2515_CAN\CMSISv2p00_LPC17xx\Debug\libCMSISv2p00_LPC17xx.a(system_LPC17xx.o)
 .group         0x00000000        0x8 C:\Users\Olli\CloudStation\uC_Stuff\LPC_workspaces\LPC17xx_MCP2515_CAN\CMSISv2p00_LPC17xx\Debug\libCMSISv2p00_LPC17xx.a(system_LPC17xx.o)
 .group         0x00000000        0x8 C:\Users\Olli\CloudStation\uC_Stuff\LPC_workspaces\LPC17xx_MCP2515_CAN\CMSISv2p00_LPC17xx\Debug\libCMSISv2p00_LPC17xx.a(system_LPC17xx.o)
 .group         0x00000000        0x8 C:\Users\Olli\CloudStation\uC_Stuff\LPC_workspaces\LPC17xx_MCP2515_CAN\CMSISv2p00_LPC17xx\Debug\libCMSISv2p00_LPC17xx.a(system_LPC17xx.o)
 .group         0x00000000        0x8 C:\Users\Olli\CloudStation\uC_Stuff\LPC_workspaces\LPC17xx_MCP2515_CAN\CMSISv2p00_LPC17xx\Debug\libCMSISv2p00_LPC17xx.a(system_LPC17xx.o)
 .group         0x00000000        0x8 C:\Users\Olli\CloudStation\uC_Stuff\LPC_workspaces\LPC17xx_MCP2515_CAN\CMSISv2p00_LPC17xx\Debug\libCMSISv2p00_LPC17xx.a(system_LPC17xx.o)
 .group         0x00000000        0x8 C:\Users\Olli\CloudStation\uC_Stuff\LPC_workspaces\LPC17xx_MCP2515_CAN\CMSISv2p00_LPC17xx\Debug\libCMSISv2p00_LPC17xx.a(system_LPC17xx.o)
 .group         0x00000000        0x8 C:\Users\Olli\CloudStation\uC_Stuff\LPC_workspaces\LPC17xx_MCP2515_CAN\CMSISv2p00_LPC17xx\Debug\libCMSISv2p00_LPC17xx.a(system_LPC17xx.o)
 .text          0x00000000        0x0 C:\Users\Olli\CloudStation\uC_Stuff\LPC_workspaces\LPC17xx_MCP2515_CAN\CMSISv2p00_LPC17xx\Debug\libCMSISv2p00_LPC17xx.a(system_LPC17xx.o)
 .data          0x00000000        0x0 C:\Users\Olli\CloudStation\uC_Stuff\LPC_workspaces\LPC17xx_MCP2515_CAN\CMSISv2p00_LPC17xx\Debug\libCMSISv2p00_LPC17xx.a(system_LPC17xx.o)
 .bss           0x00000000        0x0 C:\Users\Olli\CloudStation\uC_Stuff\LPC_workspaces\LPC17xx_MCP2515_CAN\CMSISv2p00_LPC17xx\Debug\libCMSISv2p00_LPC17xx.a(system_LPC17xx.o)
 .text.SystemCoreClockUpdate
                0x00000000       0xac C:\Users\Olli\CloudStation\uC_Stuff\LPC_workspaces\LPC17xx_MCP2515_CAN\CMSISv2p00_LPC17xx\Debug\libCMSISv2p00_LPC17xx.a(system_LPC17xx.o)
 .data.SystemCoreClock
                0x00000000        0x4 C:\Users\Olli\CloudStation\uC_Stuff\LPC_workspaces\LPC17xx_MCP2515_CAN\CMSISv2p00_LPC17xx\Debug\libCMSISv2p00_LPC17xx.a(system_LPC17xx.o)
 .debug_macro   0x00000000       0x10 C:\Users\Olli\CloudStation\uC_Stuff\LPC_workspaces\LPC17xx_MCP2515_CAN\CMSISv2p00_LPC17xx\Debug\libCMSISv2p00_LPC17xx.a(system_LPC17xx.o)
 .debug_macro   0x00000000      0x12d C:\Users\Olli\CloudStation\uC_Stuff\LPC_workspaces\LPC17xx_MCP2515_CAN\CMSISv2p00_LPC17xx\Debug\libCMSISv2p00_LPC17xx.a(system_LPC17xx.o)
 .debug_macro   0x00000000      0x5b2 C:\Users\Olli\CloudStation\uC_Stuff\LPC_workspaces\LPC17xx_MCP2515_CAN\CMSISv2p00_LPC17xx\Debug\libCMSISv2p00_LPC17xx.a(system_LPC17xx.o)
 .debug_macro   0x00000000       0x1c C:\Users\Olli\CloudStation\uC_Stuff\LPC_workspaces\LPC17xx_MCP2515_CAN\CMSISv2p00_LPC17xx\Debug\libCMSISv2p00_LPC17xx.a(system_LPC17xx.o)
 .debug_macro   0x00000000       0x2e C:\Users\Olli\CloudStation\uC_Stuff\LPC_workspaces\LPC17xx_MCP2515_CAN\CMSISv2p00_LPC17xx\Debug\libCMSISv2p00_LPC17xx.a(system_LPC17xx.o)
 .debug_macro   0x00000000       0x18 C:\Users\Olli\CloudStation\uC_Stuff\LPC_workspaces\LPC17xx_MCP2515_CAN\CMSISv2p00_LPC17xx\Debug\libCMSISv2p00_LPC17xx.a(system_LPC17xx.o)
 .debug_macro   0x00000000      0x7af C:\Users\Olli\CloudStation\uC_Stuff\LPC_workspaces\LPC17xx_MCP2515_CAN\CMSISv2p00_LPC17xx\Debug\libCMSISv2p00_LPC17xx.a(system_LPC17xx.o)
 .debug_macro   0x00000000      0x2c7 C:\Users\Olli\CloudStation\uC_Stuff\LPC_workspaces\LPC17xx_MCP2515_CAN\CMSISv2p00_LPC17xx\Debug\libCMSISv2p00_LPC17xx.a(system_LPC17xx.o)
 .text          0x00000000        0x0 c:/nxp/lpcxpresso_7.9.2_493/lpcxpresso/tools/bin/../lib/gcc/arm-none-eabi/4.9.3/../../../../arm-none-eabi/lib/armv7-m\libcr_c.a(__weak__main.o)
 .data          0x00000000        0x0 c:/nxp/lpcxpresso_7.9.2_493/lpcxpresso/tools/bin/../lib/gcc/arm-none-eabi/4.9.3/../../../../arm-none-eabi/lib/armv7-m\libcr_c.a(__weak__main.o)
 .bss           0x00000000        0x0 c:/nxp/lpcxpresso_7.9.2_493/lpcxpresso/tools/bin/../lib/gcc/arm-none-eabi/4.9.3/../../../../arm-none-eabi/lib/armv7-m\libcr_c.a(__weak__main.o)
 .text          0x00000000        0x0 c:/nxp/lpcxpresso_7.9.2_493/lpcxpresso/tools/bin/../lib/gcc/arm-none-eabi/4.9.3/armv7-m\libcr_eabihelpers.a(division_64.o)
 .data          0x00000000        0x0 c:/nxp/lpcxpresso_7.9.2_493/lpcxpresso/tools/bin/../lib/gcc/arm-none-eabi/4.9.3/armv7-m\libcr_eabihelpers.a(division_64.o)
 .bss           0x00000000        0x0 c:/nxp/lpcxpresso_7.9.2_493/lpcxpresso/tools/bin/../lib/gcc/arm-none-eabi/4.9.3/armv7-m\libcr_eabihelpers.a(division_64.o)
 .text.__aeabi_division_ldivmod
                0x00000000       0x26 c:/nxp/lpcxpresso_7.9.2_493/lpcxpresso/tools/bin/../lib/gcc/arm-none-eabi/4.9.3/armv7-m\libcr_eabihelpers.a(division_64.o)
 .text.__aeabi_division_uldivmod
                0x00000000      0x174 c:/nxp/lpcxpresso_7.9.2_493/lpcxpresso/tools/bin/../lib/gcc/arm-none-eabi/4.9.3/armv7-m\libcr_eabihelpers.a(division_64.o)
 .ARM.attributes
                0x00000000       0x21 c:/nxp/lpcxpresso_7.9.2_493/lpcxpresso/tools/bin/../lib/gcc/arm-none-eabi/4.9.3/armv7-m\libcr_eabihelpers.a(division_64.o)
 .text          0x00000000        0x0 c:/nxp/lpcxpresso_7.9.2_493/lpcxpresso/tools/bin/../lib/gcc/arm-none-eabi/4.9.3/armv7-m\libcr_eabihelpers.a(division_idiv0.o)
 .data          0x00000000        0x0 c:/nxp/lpcxpresso_7.9.2_493/lpcxpresso/tools/bin/../lib/gcc/arm-none-eabi/4.9.3/armv7-m\libcr_eabihelpers.a(division_idiv0.o)
 .bss           0x00000000        0x0 c:/nxp/lpcxpresso_7.9.2_493/lpcxpresso/tools/bin/../lib/gcc/arm-none-eabi/4.9.3/armv7-m\libcr_eabihelpers.a(division_idiv0.o)
 .text.__aeabi_division_idiv0
                0x00000000        0x2 c:/nxp/lpcxpresso_7.9.2_493/lpcxpresso/tools/bin/../lib/gcc/arm-none-eabi/4.9.3/armv7-m\libcr_eabihelpers.a(division_idiv0.o)
 .ARM.attributes
                0x00000000       0x21 c:/nxp/lpcxpresso_7.9.2_493/lpcxpresso/tools/bin/../lib/gcc/arm-none-eabi/4.9.3/armv7-m\libcr_eabihelpers.a(division_idiv0.o)

Memory Configuration

Name             Origin             Length             Attributes
MFlash512        0x00000000         0x00080000         xr
RamLoc32         0x10000000         0x00008000         xrw
RamAHB32         0x2007c000         0x00008000         xrw
*default*        0x00000000         0xffffffff

Linker script and memory map

LOAD ./src/can_buffer.o
LOAD ./src/cr_startup_lpc176x.o
LOAD ./src/main.o
LOAD ./src/mcp2515.o
LOAD ./src/mcp2515_buffer.o
LOAD ./src/mcp2515_error_register.o
LOAD ./src/mcp2515_get_dyn_filter.o
LOAD ./src/mcp2515_get_message.o
LOAD ./src/mcp2515_read_id.o
LOAD ./src/mcp2515_regdump.o
LOAD ./src/mcp2515_send_message.o
LOAD ./src/mcp2515_set_dyn_filter.o
LOAD ./src/mcp2515_set_mode.o
LOAD ./src/mcp2515_sleep.o
LOAD ./src/mcp2515_static_filter.o
LOAD ./src/mcp2515_write_id.o
LOAD ./src/spi.o
LOAD ./src/timer.o
LOAD C:\Users\Olli\CloudStation\uC_Stuff\LPC_workspaces\LPC17xx_MCP2515_CAN\CMSISv2p00_LPC17xx\Debug\libCMSISv2p00_LPC17xx.a
START GROUP
LOAD c:/nxp/lpcxpresso_7.9.2_493/lpcxpresso/tools/bin/../lib/gcc/arm-none-eabi/4.9.3/../../../../arm-none-eabi/lib/armv7-m\libcr_c.a
LOAD c:/nxp/lpcxpresso_7.9.2_493/lpcxpresso/tools/bin/../lib/gcc/arm-none-eabi/4.9.3/armv7-m\libcr_eabihelpers.a
END GROUP
                0x00000000                __base_MFlash512 = 0x0
                0x00000000                __base_Flash = 0x0
                0x00080000                __top_MFlash512 = 0x80000
                0x00080000                __top_Flash = 0x80000
                0x10000000                __base_RamLoc32 = 0x10000000
                0x10000000                __base_RAM = 0x10000000
                0x10008000                __top_RamLoc32 = 0x10008000
                0x10008000                __top_RAM = 0x10008000
                0x2007c000                __base_RamAHB32 = 0x2007c000
                0x2007c000                __base_RAM2 = 0x2007c000
                0x20084000                __top_RamAHB32 = 0x20084000
                0x20084000                __top_RAM2 = 0x20084000

.text           0x00000000      0xb4c
 FILL mask 0xff
                0x00000000                __vectors_start__ = ABSOLUTE (.)
 *(.isr_vector)
 .isr_vector    0x00000000       0xcc ./src/cr_startup_lpc176x.o
                0x00000000                g_pfnVectors
                0x000000cc                . = ALIGN (0x4)
                0x000000cc                __section_table_start = .
                0x000000cc                __data_section_table = .
                0x000000cc        0x4 LONG 0xb4c LOADADDR (.data)
                0x000000d0        0x4 LONG 0x10000000 ADDR (.data)
                0x000000d4        0x4 LONG 0x38 SIZEOF (.data)
                0x000000d8        0x4 LONG 0xb4c LOADADDR (.data_RAM2)
                0x000000dc        0x4 LONG 0x2007c000 ADDR (.data_RAM2)
                0x000000e0        0x4 LONG 0x0 SIZEOF (.data_RAM2)
                0x000000e4                __data_section_table_end = .
                0x000000e4                __bss_section_table = .
                0x000000e4        0x4 LONG 0x10000038 ADDR (.bss)
                0x000000e8        0x4 LONG 0x0 SIZEOF (.bss)
                0x000000ec        0x4 LONG 0x2007c000 ADDR (.bss_RAM2)
                0x000000f0        0x4 LONG 0x0 SIZEOF (.bss_RAM2)
                0x000000f4                __bss_section_table_end = .
                0x000000f4                __section_table_end = .
 *(.after_vectors*)
 .after_vectors
                0x000000f4       0x80 ./src/cr_startup_lpc176x.o
                0x000000f4                NMI_Handler
                0x000000f6                HardFault_Handler
                0x000000f8                MemManage_Handler
                0x000000fa                BusFault_Handler
                0x000000fc                UsageFault_Handler
                0x000000fe                SVCall_Handler
                0x00000100                DebugMon_Handler
                0x00000102                PendSV_Handler
                0x00000104                SysTick_Handler
                0x00000106                PWM1_IRQHandler
                0x00000106                I2C0_IRQHandler
                0x00000106                I2C1_IRQHandler
                0x00000106                EINT2_IRQHandler
                0x00000106                UART1_IRQHandler
                0x00000106                USBActivity_IRQHandler
                0x00000106                CANActivity_IRQHandler
                0x00000106                TIMER3_IRQHandler
                0x00000106                UART0_IRQHandler
                0x00000106                MCPWM_IRQHandler
                0x00000106                RIT_IRQHandler
                0x00000106                IntDefaultHandler
                0x00000106                EINT3_IRQHandler
                0x00000106                CAN_IRQHandler
                0x00000106                PLL1_IRQHandler
                0x00000106                SSP0_IRQHandler
                0x00000106                I2S_IRQHandler
                0x00000106                I2C2_IRQHandler
                0x00000106                RTC_IRQHandler
                0x00000106                TIMER0_IRQHandler
                0x00000106                SPI_IRQHandler
                0x00000106                UART3_IRQHandler
                0x00000106                EINT1_IRQHandler
                0x00000106                TIMER1_IRQHandler
                0x00000106                UART2_IRQHandler
                0x00000106                ADC_IRQHandler
                0x00000106                SSP1_IRQHandler
                0x00000106                USB_IRQHandler
                0x00000106                BOD_IRQHandler
                0x00000106                TIMER2_IRQHandler
                0x00000106                WDT_IRQHandler
                0x00000106                QEI_IRQHandler
                0x00000106                EINT0_IRQHandler
                0x00000106                PLL0_IRQHandler
                0x00000106                DMA_IRQHandler
                0x00000106                ENET_IRQHandler
                0x00000108                data_init
                0x0000011e                bss_init
                0x00000130                ResetISR
                0x000002fc                . = 0x2fc
 *fill*         0x00000174      0x188 ff
                0x000002fc                PROVIDE (__CRP_WORD_START__, .)
 *(.crp)
                0x000002fc                PROVIDE (__CRP_WORD_END__, .)
                0x00000000                ASSERT (! ((__CRP_WORD_START__ == __CRP_WORD_END__)), Linker CRP Enabled, but no CRP_WORD provided within application)
 *(.text*)
 .text.main     0x000002fc       0x78 ./src/main.o
                0x000002fc                main
 .text.mcp2515_write_register
                0x00000374       0x3c ./src/mcp2515.o
                0x00000374                mcp2515_write_register
 .text.mcp2515_read_register
                0x000003b0       0x3c ./src/mcp2515.o
                0x000003b0                mcp2515_read_register
 .text.mcp2515_bit_modify
                0x000003ec       0x48 ./src/mcp2515.o
                0x000003ec                mcp2515_bit_modify
 .text.mcp2515_read_status
                0x00000434       0x38 ./src/mcp2515.o
                0x00000434                mcp2515_read_status
 .text.can_init
                0x0000046c      0x12c ./src/mcp2515.o
                0x0000046c                can_init
 .text.can_check_message
                0x00000598       0x24 ./src/mcp2515_buffer.o
                0x00000598                can_check_message
 .text.can_get_message
                0x000005bc      0x100 ./src/mcp2515_get_message.o
                0x000005bc                can_get_message
 .text.mcp2515_read_id
                0x000006bc       0xe8 ./src/mcp2515_read_id.o
                0x000006bc                mcp2515_read_id
 .text.can_send_message
                0x000007a4      0x104 ./src/mcp2515_send_message.o
                0x000007a4                can_send_message
 .text.can_static_filter
                0x000008a8       0xa4 ./src/mcp2515_static_filter.o
                0x000008a8                can_static_filter
 .text.spi_start
                0x0000094c       0x14 ./src/mcp2515_write_id.o
 .text.spi_wait
                0x00000960       0x10 ./src/mcp2515_write_id.o
 .text.mcp2515_write_id
                0x00000970       0xac ./src/mcp2515_write_id.o
                0x00000970                mcp2515_write_id
 .text.mcp2515_spi_init
                0x00000a1c        0xc ./src/spi.o
                0x00000a1c                mcp2515_spi_init
 .text.spi_putc
                0x00000a28       0x18 ./src/spi.o
                0x00000a28                spi_putc
 .text._delay_ms
                0x00000a40       0x14 ./src/timer.o
                0x00000a40                _delay_ms
 .text._delay_us
                0x00000a54       0x14 ./src/timer.o
                0x00000a54                _delay_us
 .text.SystemInit
                0x00000a68       0xe0 C:\Users\Olli\CloudStation\uC_Stuff\LPC_workspaces\LPC17xx_MCP2515_CAN\CMSISv2p00_LPC17xx\Debug\libCMSISv2p00_LPC17xx.a(system_LPC17xx.o)
                0x00000a68                SystemInit
 .text.__weak_main
                0x00000b48        0x4 c:/nxp/lpcxpresso_7.9.2_493/lpcxpresso/tools/bin/../lib/gcc/arm-none-eabi/4.9.3/../../../../arm-none-eabi/lib/armv7-m\libcr_c.a(__weak__main.o)
                0x00000b48                __weak_main
                0x00000b48                __main
 *(.rodata .rodata.* .constdata .constdata.*)
                0x00000b4c                . = ALIGN (0x4)

.glue_7         0x00000b4c        0x0
 .glue_7        0x00000000        0x0 linker stubs

.glue_7t        0x00000b4c        0x0
 .glue_7t       0x00000000        0x0 linker stubs

.vfp11_veneer   0x00000b4c        0x0
 .vfp11_veneer  0x00000000        0x0 linker stubs

.v4_bx          0x00000b4c        0x0
 .v4_bx         0x00000000        0x0 linker stubs

.iplt           0x00000b4c        0x0
 .iplt          0x00000000        0x0 ./src/can_buffer.o

.rel.dyn        0x00000b4c        0x0
 .rel.iplt      0x00000000        0x0 ./src/can_buffer.o

.ARM.extab
 *(.ARM.extab* .gnu.linkonce.armextab.*)
                0x00000b4c                __exidx_start = .

.ARM.exidx
 *(.ARM.exidx* .gnu.linkonce.armexidx.*)
                0x00000b4c                __exidx_end = .
                0x00000b4c                _etext = .

.data_RAM2      0x2007c000        0x0 load address 0x00000b4c
 FILL mask 0xff
                0x2007c000                PROVIDE (__start_data_RAM2, .)
 *(.ramfunc.$RAM2)
 *(.ramfunc.$RamAHB32)
 *(.data.$RAM2*)
 *(.data.$RamAHB32*)
                0x2007c000                . = ALIGN (0x4)
                0x2007c000                PROVIDE (__end_data_RAM2, .)

.uninit_RESERVED
                0x10000000        0x0
 *(.bss.$RESERVED*)
                0x10000000                . = ALIGN (0x4)
                0x10000000                _end_uninit_RESERVED = .

.data           0x10000000       0x38 load address 0x00000b4c
 FILL mask 0xff
                0x10000000                _data = .
 *(vtable)
 *(.ramfunc*)
 *(.data*)
 .data.can_filter
                0x10000000       0x20 ./src/main.o
                0x10000000                can_filter
 .data._mcp2515_cnf
                0x10000020       0x18 ./src/mcp2515.o
                0x10000020                _mcp2515_cnf
                0x10000038                . = ALIGN (0x4)
                0x10000038                _edata = .

.igot.plt       0x10000038        0x0 load address 0x00000b84
 .igot.plt      0x00000000        0x0 ./src/can_buffer.o

.bss_RAM2       0x2007c000        0x0
                0x2007c000                PROVIDE (__start_bss_RAM2, .)
 *(.bss.$RAM2*)
 *(.bss.$RamAHB32*)
                0x2007c000                . = ALIGN ((. != 0x0)?0x4:0x1)
                0x2007c000                PROVIDE (__end_bss_RAM2, .)

.bss            0x10000038        0x0
                0x10000038                _bss = .
 *(.bss*)
 *(COMMON)
                0x10000038                . = ALIGN (0x4)
                0x10000038                _ebss = .
                0x10000038                PROVIDE (end, .)

.noinit_RAM2    0x2007c000        0x0
 *(.noinit.$RAM2*)
 *(.noinit.$RamAHB32*)
                0x2007c000                . = ALIGN (0x4)

.noinit         0x10000038        0x0
                0x10000038                _noinit = .
 *(.noinit*)
                0x10000038                . = ALIGN (0x4)
                0x10000038                _end_noinit = .
                0x10000038                PROVIDE (_pvHeapStart, DEFINED (__user_heap_base)?__user_heap_base:.)
                0x10008000                PROVIDE (_vStackTop, DEFINED (__user_stack_top)?__user_stack_top:(__top_RamLoc32 - 0x0))
                0xefff79f2                PROVIDE (__valid_user_code_checksum, (0x0 - ((((((_vStackTop + (ResetISR + 0x1)) + (NMI_Handler + 0x1)) + (HardFault_Handler + 0x1)) + (DEFINED (MemManage_Handler)?MemManage_Handler:0x0 + 0x1)) + (DEFINED (BusFault_Handler)?BusFault_Handler:0x0 + 0x1)) + (DEFINED (UsageFault_Handler)?UsageFault_Handler:0x0 + 0x1))))
OUTPUT(can-lib.axf elf32-littlearm)

.debug_info     0x00000000     0x203c
 .debug_info    0x00000000      0x2be ./src/cr_startup_lpc176x.o
 .debug_info    0x000002be      0x1bd ./src/main.o
 .debug_info    0x0000047b      0x4c8 ./src/mcp2515.o
 .debug_info    0x00000943      0x3ad ./src/mcp2515_buffer.o
 .debug_info    0x00000cf0      0x455 ./src/mcp2515_get_message.o
 .debug_info    0x00001145       0xfd ./src/mcp2515_read_id.o
 .debug_info    0x00001242      0x467 ./src/mcp2515_send_message.o
 .debug_info    0x000016a9      0x3b0 ./src/mcp2515_static_filter.o
 .debug_info    0x00001a59      0x137 ./src/mcp2515_write_id.o
 .debug_info    0x00001b90       0xd7 ./src/spi.o
 .debug_info    0x00001c67       0xbd ./src/timer.o
 .debug_info    0x00001d24      0x318 C:\Users\Olli\CloudStation\uC_Stuff\LPC_workspaces\LPC17xx_MCP2515_CAN\CMSISv2p00_LPC17xx\Debug\libCMSISv2p00_LPC17xx.a(system_LPC17xx.o)

.debug_abbrev   0x00000000      0xb5b
 .debug_abbrev  0x00000000      0x12b ./src/cr_startup_lpc176x.o
 .debug_abbrev  0x0000012b      0x114 ./src/main.o
 .debug_abbrev  0x0000023f      0x136 ./src/mcp2515.o
 .debug_abbrev  0x00000375       0xef ./src/mcp2515_buffer.o
 .debug_abbrev  0x00000464      0x135 ./src/mcp2515_get_message.o
 .debug_abbrev  0x00000599       0xa4 ./src/mcp2515_read_id.o
 .debug_abbrev  0x0000063d      0x15d ./src/mcp2515_send_message.o
 .debug_abbrev  0x0000079a       0xf2 ./src/mcp2515_static_filter.o
 .debug_abbrev  0x0000088c       0xd9 ./src/mcp2515_write_id.o
 .debug_abbrev  0x00000965       0x95 ./src/spi.o
 .debug_abbrev  0x000009fa       0x7b ./src/timer.o
 .debug_abbrev  0x00000a75       0xe6 C:\Users\Olli\CloudStation\uC_Stuff\LPC_workspaces\LPC17xx_MCP2515_CAN\CMSISv2p00_LPC17xx\Debug\libCMSISv2p00_LPC17xx.a(system_LPC17xx.o)

.debug_loc      0x00000000      0x1be
 .debug_loc     0x00000000      0x1be ./src/cr_startup_lpc176x.o

.debug_aranges  0x00000000      0x230
 .debug_aranges
                0x00000000       0x80 ./src/cr_startup_lpc176x.o
 .debug_aranges
                0x00000080       0x20 ./src/main.o
 .debug_aranges
                0x000000a0       0x40 ./src/mcp2515.o
 .debug_aranges
                0x000000e0       0x28 ./src/mcp2515_buffer.o
 .debug_aranges
                0x00000108       0x20 ./src/mcp2515_get_message.o
 .debug_aranges
                0x00000128       0x20 ./src/mcp2515_read_id.o
 .debug_aranges
                0x00000148       0x20 ./src/mcp2515_send_message.o
 .debug_aranges
                0x00000168       0x20 ./src/mcp2515_static_filter.o
 .debug_aranges
                0x00000188       0x30 ./src/mcp2515_write_id.o
 .debug_aranges
                0x000001b8       0x28 ./src/spi.o
 .debug_aranges
                0x000001e0       0x28 ./src/timer.o
 .debug_aranges
                0x00000208       0x28 C:\Users\Olli\CloudStation\uC_Stuff\LPC_workspaces\LPC17xx_MCP2515_CAN\CMSISv2p00_LPC17xx\Debug\libCMSISv2p00_LPC17xx.a(system_LPC17xx.o)

.debug_ranges   0x00000000      0x170
 .debug_ranges  0x00000000       0x70 ./src/cr_startup_lpc176x.o
 .debug_ranges  0x00000070       0x10 ./src/main.o
 .debug_ranges  0x00000080       0x30 ./src/mcp2515.o
 .debug_ranges  0x000000b0       0x18 ./src/mcp2515_buffer.o
 .debug_ranges  0x000000c8       0x10 ./src/mcp2515_get_message.o
 .debug_ranges  0x000000d8       0x10 ./src/mcp2515_read_id.o
 .debug_ranges  0x000000e8       0x10 ./src/mcp2515_send_message.o
 .debug_ranges  0x000000f8       0x10 ./src/mcp2515_static_filter.o
 .debug_ranges  0x00000108       0x20 ./src/mcp2515_write_id.o
 .debug_ranges  0x00000128       0x18 ./src/spi.o
 .debug_ranges  0x00000140       0x18 ./src/timer.o
 .debug_ranges  0x00000158       0x18 C:\Users\Olli\CloudStation\uC_Stuff\LPC_workspaces\LPC17xx_MCP2515_CAN\CMSISv2p00_LPC17xx\Debug\libCMSISv2p00_LPC17xx.a(system_LPC17xx.o)

.debug_macro    0x00000000     0x20b0
 .debug_macro   0x00000000       0x52 ./src/cr_startup_lpc176x.o
 .debug_macro   0x00000052      0x87a ./src/cr_startup_lpc176x.o
 .debug_macro   0x000008cc       0x9c ./src/main.o
 .debug_macro   0x00000968       0x24 ./src/main.o
 .debug_macro   0x0000098c       0xcf ./src/mcp2515.o
 .debug_macro   0x00000a5b       0x58 ./src/mcp2515.o
 .debug_macro   0x00000ab3       0x97 ./src/mcp2515.o
 .debug_macro   0x00000b4a       0x10 ./src/mcp2515.o
 .debug_macro   0x00000b5a       0x16 ./src/mcp2515.o
 .debug_macro   0x00000b70      0x594 ./src/mcp2515.o
 .debug_macro   0x00001104       0xcf ./src/mcp2515_buffer.o
 .debug_macro   0x000011d3       0xcf ./src/mcp2515_get_message.o
 .debug_macro   0x000012a2       0xcf ./src/mcp2515_read_id.o
 .debug_macro   0x00001371       0xcf ./src/mcp2515_send_message.o
 .debug_macro   0x00001440       0xcf ./src/mcp2515_static_filter.o
 .debug_macro   0x0000150f       0xcf ./src/mcp2515_write_id.o
 .debug_macro   0x000015de       0xed ./src/spi.o
 .debug_macro   0x000016cb       0x46 ./src/timer.o
 .debug_macro   0x00001711      0x12b C:\Users\Olli\CloudStation\uC_Stuff\LPC_workspaces\LPC17xx_MCP2515_CAN\CMSISv2p00_LPC17xx\Debug\libCMSISv2p00_LPC17xx.a(system_LPC17xx.o)
 .debug_macro   0x0000183c      0x874 C:\Users\Olli\CloudStation\uC_Stuff\LPC_workspaces\LPC17xx_MCP2515_CAN\CMSISv2p00_LPC17xx\Debug\libCMSISv2p00_LPC17xx.a(system_LPC17xx.o)

.debug_line     0x00000000     0x1996
 .debug_line    0x00000000      0x1ef ./src/cr_startup_lpc176x.o
 .debug_line    0x000001ef      0x1e2 ./src/main.o
 .debug_line    0x000003d1      0x2b4 ./src/mcp2515.o
 .debug_line    0x00000685      0x23b ./src/mcp2515_buffer.o
 .debug_line    0x000008c0      0x253 ./src/mcp2515_get_message.o
 .debug_line    0x00000b13      0x23a ./src/mcp2515_read_id.o
 .debug_line    0x00000d4d      0x271 ./src/mcp2515_send_message.o
 .debug_line    0x00000fbe      0x26b ./src/mcp2515_static_filter.o
 .debug_line    0x00001229      0x256 ./src/mcp2515_write_id.o
 .debug_line    0x0000147f      0x22d ./src/spi.o
 .debug_line    0x000016ac      0x114 ./src/timer.o
 .debug_line    0x000017c0      0x1d6 C:\Users\Olli\CloudStation\uC_Stuff\LPC_workspaces\LPC17xx_MCP2515_CAN\CMSISv2p00_LPC17xx\Debug\libCMSISv2p00_LPC17xx.a(system_LPC17xx.o)

.debug_str      0x00000000     0x9a7f
 .debug_str     0x00000000     0x3d74 ./src/cr_startup_lpc176x.o
                               0x3df3 (size before relaxing)
 .debug_str     0x00003d74     0x4567 ./src/main.o
                               0x8054 (size before relaxing)
 .debug_str     0x000082db     0x10ff ./src/mcp2515.o
                               0x90a7 (size before relaxing)
 .debug_str     0x000093da       0x40 ./src/mcp2515_buffer.o
                               0x902f (size before relaxing)
 .debug_str     0x0000941a       0x32 ./src/mcp2515_get_message.o
                               0x903c (size before relaxing)
 .debug_str     0x0000944c       0x2f ./src/mcp2515_read_id.o
                               0x8edc (size before relaxing)
 .debug_str     0x0000947b       0x41 ./src/mcp2515_send_message.o
                               0x904b (size before relaxing)
 .debug_str     0x000094bc       0x31 ./src/mcp2515_static_filter.o
                               0x901a (size before relaxing)
 .debug_str     0x000094ed       0x3e ./src/mcp2515_write_id.o
                               0x8ef9 (size before relaxing)
 .debug_str     0x0000952b       0xb3 ./src/spi.o
                               0x8f53 (size before relaxing)
 .debug_str     0x000095de       0x1c ./src/timer.o
                               0x3c0e (size before relaxing)
 .debug_str     0x000095fa      0x485 C:\Users\Olli\CloudStation\uC_Stuff\LPC_workspaces\LPC17xx_MCP2515_CAN\CMSISv2p00_LPC17xx\Debug\libCMSISv2p00_LPC17xx.a(system_LPC17xx.o)
                               0x810b (size before relaxing)

.comment        0x00000000       0x70
 .comment       0x00000000       0x70 ./src/cr_startup_lpc176x.o
                                 0x71 (size before relaxing)
 .comment       0x00000000       0x71 ./src/main.o
 .comment       0x00000000       0x71 ./src/mcp2515.o
 .comment       0x00000000       0x71 ./src/mcp2515_buffer.o
 .comment       0x00000000       0x71 ./src/mcp2515_get_message.o
 .comment       0x00000000       0x71 ./src/mcp2515_read_id.o
 .comment       0x00000000       0x71 ./src/mcp2515_send_message.o
 .comment       0x00000000       0x71 ./src/mcp2515_static_filter.o
 .comment       0x00000000       0x71 ./src/mcp2515_write_id.o
 .comment       0x00000000       0x71 ./src/spi.o
 .comment       0x00000000       0x71 ./src/timer.o
 .comment       0x00000000       0x71 C:\Users\Olli\CloudStation\uC_Stuff\LPC_workspaces\LPC17xx_MCP2515_CAN\CMSISv2p00_LPC17xx\Debug\libCMSISv2p00_LPC17xx.a(system_LPC17xx.o)
 .comment       0x00000000       0x71 c:/nxp/lpcxpresso_7.9.2_493/lpcxpresso/tools/bin/../lib/gcc/arm-none-eabi/4.9.3/../../../../arm-none-eabi/lib/armv7-m\libcr_c.a(__weak__main.o)

.ARM.attributes
                0x00000000       0x31
 .ARM.attributes
                0x00000000       0x33 ./src/cr_startup_lpc176x.o
 .ARM.attributes
                0x00000033       0x33 ./src/main.o
 .ARM.attributes
                0x00000066       0x33 ./src/mcp2515.o
 .ARM.attributes
                0x00000099       0x33 ./src/mcp2515_buffer.o
 .ARM.attributes
                0x000000cc       0x33 ./src/mcp2515_get_message.o
 .ARM.attributes
                0x000000ff       0x33 ./src/mcp2515_read_id.o
 .ARM.attributes
                0x00000132       0x33 ./src/mcp2515_send_message.o
 .ARM.attributes
                0x00000165       0x33 ./src/mcp2515_static_filter.o
 .ARM.attributes
                0x00000198       0x33 ./src/mcp2515_write_id.o
 .ARM.attributes
                0x000001cb       0x33 ./src/spi.o
 .ARM.attributes
                0x000001fe       0x33 ./src/timer.o
 .ARM.attributes
                0x00000231       0x33 C:\Users\Olli\CloudStation\uC_Stuff\LPC_workspaces\LPC17xx_MCP2515_CAN\CMSISv2p00_LPC17xx\Debug\libCMSISv2p00_LPC17xx.a(system_LPC17xx.o)
 .ARM.attributes
                0x00000264       0x33 c:/nxp/lpcxpresso_7.9.2_493/lpcxpresso/tools/bin/../lib/gcc/arm-none-eabi/4.9.3/../../../../arm-none-eabi/lib/armv7-m\libcr_c.a(__weak__main.o)

.debug_frame    0x00000000      0x480
 .debug_frame   0x00000000       0xf0 ./src/cr_startup_lpc176x.o
 .debug_frame   0x000000f0       0x30 ./src/main.o
 .debug_frame   0x00000120       0xc4 ./src/mcp2515.o
 .debug_frame   0x000001e4       0x54 ./src/mcp2515_buffer.o
 .debug_frame   0x00000238       0x38 ./src/mcp2515_get_message.o
 .debug_frame   0x00000270       0x38 ./src/mcp2515_read_id.o
 .debug_frame   0x000002a8       0x34 ./src/mcp2515_send_message.o
 .debug_frame   0x000002dc       0x34 ./src/mcp2515_static_filter.o
 .debug_frame   0x00000310       0x7c ./src/mcp2515_write_id.o
 .debug_frame   0x0000038c       0x58 ./src/spi.o
 .debug_frame   0x000003e4       0x60 ./src/timer.o
 .debug_frame   0x00000444       0x3c C:\Users\Olli\CloudStation\uC_Stuff\LPC_workspaces\LPC17xx_MCP2515_CAN\CMSISv2p00_LPC17xx\Debug\libCMSISv2p00_LPC17xx.a(system_LPC17xx.o)
